7zip
abAll
abBottom
abLeft
abNone
abRight
abTop
acaba
access
acercan
ACPI
action
active
actual
adab
adacc
adacf
adad
adae
adapter
adcaacef
adcea
adcfe
adda
addca
addd
addf
Adding
adeb
adfba
adfd
adff
adición
Adlib
adplay
advanced
aeab
aebb
aeeb
aeef
aefdisk
aefe
aeff
AES
afac
afba
afcf
afcfef
afdca
afddb
afed
afee
affaf
Affairs
affc
afuera
agon
ahci
Ahora
AIFF
alBottom
alClient
alguien
alia
alias
alie
ALIGN
all
alLeft
aller
alNone
alone
alRight
also
alt
alta
Alternatif
alternative
alTop
amas
AMB
ambhelp
ambread
Amiga
ANCHORS
Ancient
and
Andrés
anewpkg
anger
animations
ankaŭ
ankoraŭ
ANSI
ansimat
antaŭ
antes
anticipando
Any
API
APM
APPEND
APPINFO
application
applications
arachne
arañe
Arbitraciado
arbitraciadon
arbitraciisto
arbitraciistoj
arbitrary
arcade
archive
archiver
archives
argument
arguments
arj
ark
Arkady
artificial
ASCII
ASM
aspects
assemble
assembler
assembly
ASSIMILATE
así
ataca
atari
Atención
atendi
ATOM
attrib
attribut
Attribute
attributes
audio
aun
Aunque
Author
Auto
autoexec
avta
AVX
AWE
awk
años
b64
baaa
babab
bacc
bacdc
bacf
Backup
badcb
baea
bafe
Band
Banner
barrio
Base
BASIC
Basis
bastante
BAT
batch
Batterie
battery
bbacbf
bbadf
bbcba
bbce
bbdc
bbeb
bbfa
bbfbb
bcaaffdba
bcac
bcbe
bcc
bccc
bcdac
bcdb
bced
bcfa
bcfb
bdab
bdbb
bdbbfaffd
bdcc
bdda
bddaf
bded
bdee
bdfa
bebdf
becc
bedcead
beed
beee
beeedd
beff
before
Begin
begravde
Belousov
ben
Berki
best
Beta
bfbbbac
bfcd
bfde
bfeaa
bfec
bicicletas
bien
biew
bilder
bin
Binaries
binary
binutils
binär
BIOS
Bird
bit
bitmap
bits
Blade
bladeenc
BLANKER
Blaster
bli
blkdrop
blocek
Block
Blocker
Blocks
BMP
bolitare
Book
boom
boot
bootable
bootfix
Bootloader
bordet
Borland
bort
BOUNDS
Browser
Bruce
BSD
bsum
buena
Bugfix
BUILD
bunzip
Bus
bwbasic
Byte
bytes
Bywater
bz2
BZIP
både
caaa
CAB
cabbd
cabd
cabext
CABExtract
cacbe
cacc
cache
Cached
Caching
cachorro
caché
cal
calc
calculator
calendar
call
callver
camina
can
CANQUIT
Canvas
capable
caps
card
CardPuncher
casa
case
catalogs
catgets
cats
cause
causes
CauseWay
cave
cbad
cbbac
cbbf
cbca
cbdb
cbdeada
cbdf
cbea
cbeb
cbecf
ccab
ccae
ccaf
ccbaa
ccbf
cccbdda
ccccb
cccd
cccdccaeb
ccdbed
cceb
ccebb
ccec
ccefa
ccfce
ccfd
ccmt
cdad
cdadb
cdbea
cdccd
cddd
cdea
cdeabc
cded
cdrcache
cdrom
cdrom2ui
ceaaa
ceaae
ceab
ceade
cebce
cebff
cedc
cedef
ceed
cefa
cefbc
cellar
certain
cfab
cfad
cfbc
cfcd
cfdbf
cfdc
cfde
cfdea
cfed
cffec
cffffa
CFG
CGA
chain
Change
character
characters
charset
chcp
chdir
Check
checksum
checksummer
Chess
Chip
chkdsk
CHM
choice
CHS
CJK
CLEAR
clears
Click
client
clone
code
codepage
Codepages
codes
COFF
cola
Collection
collie
COLORS
Columbia
com
come
comemos
comida
comido
comm
command
commander
COMMANDS
comments
communication
Como
comp
Compare
compatible
compatibles
compiler
comportamiento
Composer
compression
Computer
con
conditions
config
configurable
configuration
configurations
conforms
CONNECT
conocido
console
Contains
content
continue
control
conversion
conversions
convert
convertido
CONWAY
copy
correct
corresponding
Corretean
COUNTRY
CPI
cpidos
cpied
cpp2ccmt
cpx
Crawler
crazii
crc
Creation
Cross
crynwr
cryptographic
ctload
ctmouse
cualquiera
cuando
cubierta
culpables
curl
current
curses
cuya
cuánto
cwsdpmi
DAA
daa2iso
daabd
daad
daaef
daaf
daba
DAC
daccdd
dadab
dade
daeae
Danger
dans
data
date
datum
daño
dbbc
dbbdea
dbcb
dbcd
dbcfeeda
dbdb
dbdd
dbebda
dbefa
dbfb
dbfc
dcaff
dcbf
dccb
dccfccd
dccfd
dcfd
ddac
ddacef
ddaf
ddbcae
ddbd
ddbf
ddcafa
ddcbbee
ddce
ddfec
deaa
deba
debug
Debugger
debugging
decidoj
decidojn
dedb
dedc
dede
deecf
DEFAULTS
defc
Defender
defio
Deflektor
defrag
defragmentation
dek
del
Delphi
delta
deltree
dem
Den
denied
der
des
Description
design
designed
Designer
desktop
desprendimiento
destination
det
Details
dev
devas
devel
development
device
devload
devus
DHCP
diagnostic
dialog
DIET
digit
Digital
dillo
dir
diras
direct
directories
Directory
dirige
Disabled
disassembler
Disk
Diskcache
diskcomp
diskcopy
disket
Diskette
disketten
disks
display
distribution
dit
diverse
DJGPP
dma
dn2
DNow
doc
document
documentation
documents
dog
dojs
dokumentation
dolk
Domain
don
donation
Doom
DOS
dos32a
Dosbox
dosdef
DOSDIR
DOSEmu
dosfsck
doshexed
doslfn
dosmid
DOSSHELL
dosver
dosview
doszip
double
down
Downloader
DPMI
dpms
DRAM
drive
driven
driver
du
dum
Dungeon
DVD
dwol
dzemm
e1000pkt
e100pkt
e3
eblajn
edict
edit
Editor
Editors
edlin
EDR
EEPROM
efi
eficaz
efntdsgn
EGA
ehci
eide
Ekzemple
ekzistas
ELF
eliza
ELKS
elle
eltorito
elvis
emacs
Emeritus
EMM
emociona
empong
EMS
Emulation
Emulator
enabling
encadenada
encanta
encima
Encoder
Encoding
End
energy
Engine
Enhanced
Enseguida
EOF
Epson
equal
error
ERRORLEVEL
ESC
Esperando
estaba
Estas
esti
estos
estuviera
esté
etc
ETERNITY
ETHDUMP
etherdfs
Ethernet
ETHSEND
ETHSHOW
ethtools
ETHWATCH
ETHWHAT
euphoria
ev4de
evade
EVENTS
evidentajn
evoluanta
ewsnake
exception
exe
exe2bin
exist
Expanded
exploration
EXPORT
expression
expressions
extended
Extender
extension
extensions
extra
extraño
eĉ
facile
facilidad
FADER
false
familia
familiar
faras
fari
faris
fariĝos
fasm
fast
FAT
fbc
fbc_help
FBHELP
fc
fdapm
fdbanner
fdhelper
FDI
fdimples
FDINST
fdisk
fdisrc
fdnet
fdnpkg
fdshell
fdshield
fdxms
fdxms286
Features
fed
Feel
field
Fields
fijamente
file
FileDate
Filename
files
FileTime
filetransfer
final
find
finddisk
fine
fini
fire
Firmware
Fixed
Flappy
Flash
flashrom
flat
FLC
flexible
FLiC
flight
Floppies
Floppy
flpybird
flush
fmines
FNT
focus
Focused
Font
for
Fork
form
format
Formate
formats
forprenas
fort
Fortran
Fox
foxcalc
foxtype
fpc
Frames
Frederic
FreeBASIC
Freecell
freecom
freedoom
FreeDOS
FreeGEM
freemacs
friendly
from
FTP
fuera
Full
future
få
får
Galaga
game
Gamepad
games
gamle
gatito
GBI
gcc
gcdrom
GEM
General
German
GIF
gifsicle
gift
Gigabit
GIGPKTDRVR
given
glacio
glad
GNU
gnuchcp
gnuchess
gnufonts
gnused
golf
golfo
Google
gopher
Gopherspace
gopherus
GPL
gpm
grafik
granda
graphics
greater
grep
guardiana
GUI
gzip
gå
går
gör
Hace
hacernos
hallen
Hallo
ham
hambre
han
Hand
handling
hangman
hans
har
hard
harddisk
harddrive
Hardware
hasta
haya
HDA
hdd
HDPMI
HDR
head
Help
helt
hennes
her
Heretic
herren
Hex
hexadecimal
hexcomp
Hexen
Hidden
Hide
High
Highlighting
himem
himemsx
himemx
hingst
hingsten
hip
hiram
historia
historien
Historiker
History
hma
hodiaŭ
hokeo
hokeon
Host
hour
Hover
htget
HTML
htmlhelp
HTTP
Hypertext
hängt
i16budoc
i16butil
i16elklc
i16env
i16gcc
i16gcdoc
i16lbi86
i16newli
i16nlelk
i16src
IBM
ICCF
ich
IDE
igas
igg
ignoras
ignori
igs
III
Ili
image
Imager
images
imgedit
IMGVIEW
implementation
importa
importance
incapable
incarnation
Include
incluso
incompatibles
InDOS
inf
influu
Info
information
informationen
infozip
INI
inkarnation
inklusive
inscription
insensitive
insert
insight
install
installable
installation
Installer
instruction
instructions
Intel
intence
Intenta
interactive
interaktiv
interface
international
Internet
Interpreter
Intro
Invisible
invitado
IRC
ircjr
ISO
isolinux
ivan
Ivani
Java
JavaScript
jemm
jemmex
Jmicron
JOIN
joker
Joystick
JPEG
JPG
jugar
just
justa
jwasm
kaj
kan
kbCapsDown
kbCapsLock
kbEitherAlt
kbEitherCtrl
kbEitherShift
kbInsertDown
kbInsertLock
kbLeftAlt
kbLeftCtrl
kbLeftShift
kbNumsDown
kbNumsLock
kbPauseFlag
kbRightShift
kbScrollDown
kbScrollLock
kbSysDown
Kermit
kernel
keyb
keyb_lay
keyboard
KEYMAN
KEYSTROKES
Keywords
kiam
kie
kiel
kio
kiosk
kitten
kittenc
kittengets
kiu
kiuj
kiun
klart
KLIB
klon
KMP
kom
komencas
kommunikation
kompatibel
kompatibler
kompression
konsol
konsolen
kontraŭ
kontraŭa
kontraŭleĝan
kopp
kraptor
Kun
kvar
label
Labs
lado
ladra
lagt
lame
LAN
Land
landet
LANG
Language
las
latex
launch
Launcher
layouts
LBA
lbacache
LBM
LCD
ldebug
Left
less
lesser
Level
Levels
LFN
lfndos
lib
libc
libelks
libi
libm
libnewt
Libraries
Library
libro
License
like
limitations
line
links
Linux
liquiwar
List
lista
listas
liste
lister
listpci
listvesa
LISTXDEF
lite
llamada
llega
llegada
llegue
lleguen
llegó
LNG
load
LOADFONT
local
localcfg
localize
locate
Lock
logger
login
long
Look
Lord
los
loss
Lower
lpi
LPQ
lpq1
lpr
LPT
lptdrv
lsm
lsppp
LST
lua
ludi
ludo
ludon
lynx
Lyrics
lyser
lzip
lzma
lzop
länge
m2wat
Mach
Machine
Machines
macro
macroinstruction
macros
mail
main
maintenance
Makro
Mal
malamas
malbona
malbonajn
malbonan
malfacile
malhelpas
malpermesitaj
malpli
maltrafi
maltrankviliga
maltratadores
Malware
man
Management
Manager
mann
mannen
mannens
mano
mans
Mapping
maravillosa
MARGINS
MASM
match
matematik
Mateusz
math
maximum
mayoría
mbedit
MBF
Mbit
mbr
MCGA
MCP
md5sum
mean
Med
media
medicina
medieval
mem
memdisk
Memory
memtest
memteste
men
menos
mental
menu
menus
menü
mer
MERGE
message
messages
mest
MetaDOS
meter
MHz
mice
Michael
Microsoft
mid
MIDI
Miguel
miles
min
Mindbender
mined
mines
Minesweeper
minimal
minimum
Minutes
mira
mirmagic
mirror
mistral
MIT
mitt
Mittelstraße
Mixer
mkeyb
MMX
MNU
MOD
mode
Modern
modes
modification
modifier
module
Moment
momento
moral
mord
more
morgen
mos
mot
motor
Motorola
Mouse
move
Movie
mplayer
MPU
msa
MSDOS
msedit
mskermit
mtcp
mueve
multi
Multimedia
Multiplayer
muriendo
muro
MUS
music
must
muy
más
Nació
name
names
nansi
nasm
National
Native
natten
Navigator
NCD
necesitando
NET
Netcat
nethack
NetWare
Netwide
network
networking
newlib
newsnuz
newt
nge_nibb
nibble
Nibbles
nin
NIX
niños
NLS
nlsfunc
NNTP
noise
nombre
nombres
NONAME
normal
norton
nos
Not
noudar
nro
nroff
ntfs
ntool
nuestra
nuestro
nueve
NUL
null
num
NUMBER
numbers
nun
nur
Nvidia
nwcache
Nytt
når
OBJ
obstacles
occurrence
ODD
odia
OFF
oficisto
oficistoj
ofte
ohci
okazas
OMF
ommited
området
Onboard
One
oni
open
opencp
OpenCubic
opengem
OpenSource
OpenWatcom
OPL
optimize
option
optional
options
original
origine
ospedit
ospimg
OSPlus
Ostling
otro
out
OUTPUT
OUTSIDE
over
p7zip
Package
packages
Packer
Packet
page
PageDown
pager
Pages
PageUp
pair
paket
pakete
para
Parameter
parent
parola
part
partition
partitions
pasaban
pascal
pass
passes
passing
password
pata
patas
Patch
PATH
pausa
pause
PBM
pbox
PCI
pcisleep
PCL
PCSpeaker
PCX
pdtree
peculiar
Pensé
Pentium
per
Performance
perfortaj
periodo
perl
permanente
permesas
permite
pero
perra
perros
persiguiéndose
person
persona
personalidad
personas
pg
pgm
pgme
PGMVars
Phase
Phil
Philip
Photorec
piano
PIC
pico
picosntp
picotcp
Picture
Pine
ping
Pitcovsky
pixels
PKGINFO
PKGMAKER
pkgtools
PKUNZIP
PKZIP
plan
plata
platform
playcd
Player
plej
pli
PMI
PNG
pngcrush
point
points
PONG
por
porche
port
portable
portrait
Position
POSIX
possible
Post
PostScript
povas
POWER
Poweriso
PPM
PPP
prefix
presented
pri
print
printer
PRO
problem
Process
profesiaj
profesian
program
Programme
programming
programs
Protected
protocol
protokoll
provizi
provocación
PrtScr
prudenton
PSD
pseudo
public
puerta
punojn
punon
purrasa
på
qbasic
QCNFTOOL
QDETUNE
QEMU
QFNT
QFNTLOAD
QKEYS
QOI
QRESFILE
QScroll
qtetris
que
Queen
queriendo
question
quickbasic
QuickCRT
quiere
RAM
ramdisk
Ranish
rapide
Raptor
raread
RAS
raseri
ratios
RAW
rawrite
rcal
rdisk
read
Reader
README
READONLY
Real
realism
realmode
Reboot
reconoce
Record
recover
Redirection
regina
regnet
rekte
relative
remapper
Remote
replace
Report
repos
Repositories
represented
Research
resident
restore
retina
Retro
Rexx
rezulton
RFC
rhein
RHIDE
ricevi
RIFF
Right
ripetojn
RIT
RMID
roba
Robert
rogue
ROM
Routines
RPG
rsh
rsync
RTF
Rue
Rugxulo
runtime
rxvt
SAA
samajn
samcfg
same
sample
SATA
Saucy
Saumur
saving
Says
sayswho
sbemu
SBLive
sbpmixer
Scan
scancode
Scandisk
SCANKBD
scias
Scope
score
SCP
SCR
screen
Screens
script
scripts
Scroll
search
second
section
sections
sector
sed
segment
sein
seis
sektor
sekund
sen
senantaŭjuĝa
Sendube
senet
sent
sentir
ser
serial
sert
Server
servern
servis
Ses
SET
setedit
setlock
setting
settings
SETVER
SFTP
sha
share
shareext
shareware
Sharing
shell
shield
Shift
shiftcode
Shooter
shsucdx
shsufdrv
SHSURDRV
shutdown
side
sieg
siempre
sienta
siente
signal
Signature
sigue
silence
silhouette
silhuetten
simple
simulator
sin
single
sintió
sitt
sitter
size
sjgplay
ska
skal
skip
skyldig
sleep
slice
slicer
Slottet
slottets
slowdown
slår
Small
smartdrv
smiley
SMMU
små
Snake
snart
SNTP
Software
Software¦
sol
som
son
sorry
sort
Sound
SoundBlaster
source
sourceforce
sources
Space
span
Special
specified
speed
spin
split
spool
spooler
sporto
sportoj
sporton
sprites
SQL
sqlite
srdisk
SSD
SSE
ssh
ssh2dos
sshdos
STABLE
Stack
stamp
stand
Standard
start
static
Status
stdout
stil
Stille
stol
stolen
stor
store
stormen
Stream
String
structure
style
Stående
står
subdirectories
SUBST
Subsystem
such
Sudoku
sudoku86
suficientemente
sufiĉe
Suite
sum
Summary
super
supozeble
suppl
supplemental
suppls
suppl|
suppl¦
support
supports
sur
suspiro
svar
switch
switchar
swsubst
Syntax
synthesizer
sys
SysLinux
syslnx
syslog
system
systemen
Systems
så
söker
table
Tage
tape
tar
target
targets
Tasse
TCP
tde
teamo
technique
tee
televido
Telnet
Tengo
terminal
Terminale
terminé
Test
testdisk
Tetris
text
Texte
TGA
tgz
than
that
The
THM
Three
throttle
tiajn
Tiam
tickle
tiel
tiene
TIF
TIFF
til
till
time
timer
Tiny
tinyasm
tio
Title
todos
tolerante
tone
tono
Tool
Toolchain
Tools
topspin
total
touch
tp7p5fix
Transfer
Translate
tratándolo
tre
tree
tria
tricolor
tro
tror
trouble
True
TSR
TUI
tujajn
Tunes
Turbo
tute
Two
txt
typ
type
types
tür
udvd
udvd2
UEFI
Uganda
UHCI
uhdd
uhex
uide
ultra
UltraDMA
UMB
una
UNC
undelete
under
unerase
unformat
ung
Unicode
unique
Universal
UNIX
unless
unrtf
unu
unzip
update
Upper
uptime
uptimec
upx
URL
usage
USB
usbdos
USE
Usenet
user
ute
UTF
utf8tocp
Utilities
Utility
uzas
v8power
validas
value
Var
variable
variant
varma
varme
vask
vchoice
VDS
veach
veces
vecho
veneno
venki
venkon
ver
verdad
version
versionen
versions
vertical
vertigo
VESA
vestibule
vframe
VGA
via
vidas
Video
videokameraojn
vidi
vidis
vidon
Viewer
vim
vin
VirtualBox
virus
visite
visste
Viste
vitetris
Vivo
Vivía
vline
vmath
vmsmount
Vmware
VNC
vncview
vokitaj
volume
vpause
vprogres
vsafe
vsbhda
vår
wake
wargame
Warner
wasm
Watcom
watcomc
watcomf
Watt
wattcp
WAV
wcd
wde
Web
WEBP
wget
wheel
when
Wherever
which
whichfat
whiptail
Who
Wildcard
Wildcards
Win
Windows
wing
with
Words
works
wptail
wri
WRITABLE
write
www
WWWATCH
XBINRSCR
XBINRSRC
XBINRSRCv
XCDROM
xcopy
xdel
xfdisk
xgrep
xhci
xkeyb
XMS
XNINRSCR
XOP
xterm
Xvncviewer
year
Yenigün
ZanySoft
zdec
zdir
zerofill
ZeroPad
zip
zipper
zmiy
zoo
zorgi
|http
år
ĉar
ĉion
ĝenas
ĝeneralan
ĝi
ĝin
ĝis
ŝanĝiĝos
˜skaise
